src/app/api/agent-tasks/[taskId]/route.ts(13,35): error TS2345: Argument of type 'Request' is not assignable to parameter of type 'NextRequest'.
  Type 'Request' is missing the following properties from type 'NextRequest': cookies, nextUrl, page, ua
src/app/api/agent-tasks/[taskId]/route.ts(45,35): error TS2345: Argument of type 'Request' is not assignable to parameter of type 'NextRequest'.
  Type 'Request' is missing the following properties from type 'NextRequest': cookies, nextUrl, page, ua
src/app/api/agent-tasks/route.ts(13,33): error TS2552: Cannot find name 'request'. Did you mean 'Request'?
src/app/api/agent-tasks/route.ts(43,33): error TS2345: Argument of type 'Request' is not assignable to parameter of type 'NextRequest'.
  Type 'Request' is missing the following properties from type 'NextRequest': cookies, nextUrl, page, ua
src/app/api/approvals/[approvalId]/route.ts(14,33): error TS2552: Cannot find name 'request'. Did you mean '_request'?
src/app/api/bridge/cli/route.ts(33,33): error TS2345: Argument of type 'Request' is not assignable to parameter of type 'NextRequest'.
  Type 'Request' is missing the following properties from type 'NextRequest': cookies, nextUrl, page, ua
src/app/api/bridge/cli/route.ts(210,33): error TS2345: Argument of type 'Request' is not assignable to parameter of type 'NextRequest'.
  Type 'Request' is missing the following properties from type 'NextRequest': cookies, nextUrl, page, ua
src/app/api/bridge/cli/route.ts(251,33): error TS2345: Argument of type 'Request' is not assignable to parameter of type 'NextRequest'.
  Type 'Request' is missing the following properties from type 'NextRequest': cookies, nextUrl, page, ua
src/app/api/bridge/cli/route.ts(275,33): error TS2304: Cannot find name 'req'.
src/app/api/builder/sessions/route.ts(19,33): error TS2304: Cannot find name 'req'.
src/app/api/canvases/[canvasId]/blocks/route.ts(15,33): error TS2552: Cannot find name 'req'. Did you mean '_req'?
src/app/api/canvases/[canvasId]/revisions/route.ts(13,33): error TS2552: Cannot find name 'req'. Did you mean '_req'?
src/app/api/canvases/[canvasId]/route.ts(13,33): error TS2552: Cannot find name 'req'. Did you mean '_req'?
src/app/api/canvases/[canvasId]/route.ts(89,33): error TS2552: Cannot find name 'req'. Did you mean '_req'?
src/app/api/conversations/[id]/messages/route.ts(8,42): error TS2304: Cannot find name 'req'.
src/app/api/conversations/route.ts(8,42): error TS2304: Cannot find name 'req'.
src/app/api/director/plan/route.ts(8,33): error TS2304: Cannot find name 'request'.
src/app/api/director/plan/route.ts(21,35): error TS2345: Argument of type 'Request' is not assignable to parameter of type 'NextRequest'.
  Type 'Request' is missing the following properties from type 'NextRequest': cookies, nextUrl, page, ua
src/app/api/invites/list/route.ts(16,33): error TS2304: Cannot find name 'req'.
src/app/api/keys/create/route.ts(9,42): error TS2304: Cannot find name 'req'.
src/app/api/marketplace/agents/[id]/install/route.ts(47,34): error TS2304: Cannot find name 'req'.
src/app/api/marketplace/agents/[id]/install/route.ts(122,34): error TS2304: Cannot find name 'req'.
src/app/api/marketplace/installations/[id]/route.ts(9,33): error TS2304: Cannot find name 'req'.
src/app/api/marketplace/installations/route.ts(10,33): error TS2304: Cannot find name 'req'.
src/app/api/missions/[missionId]/route.ts(12,33): error TS2304: Cannot find name 'request'.
src/app/api/music/tracks/[trackId]/route.ts(94,42): error TS2304: Cannot find name 'req'.
src/app/api/settings/preferences/route.ts(8,44): error TS2304: Cannot find name 'req'.
src/app/api/settings/profile/route.ts(16,44): error TS2304: Cannot find name 'req'.
src/app/api/user-agents/route.ts(8,42): error TS2304: Cannot find name 'req'.
src/app/api/users/[userId]/plan/route.ts(13,42): error TS2304: Cannot find name 'req'.
src/app/api/voice-monkey/trigger/route.ts(5,33): error TS2345: Argument of type 'Request' is not assignable to parameter of type 'NextRequest'.
  Type 'Request' is missing the following properties from type 'NextRequest': cookies, nextUrl, page, ua
src/app/api/wallet/route.ts(20,44): error TS2304: Cannot find name 'req'.
